<html>
<body>
<pre>
<h1>µVision Build Log</h1>
<h2>Tool Versions:</h2>
IDE-Version: ¦ÌVision V5.30.0.0
Copyright (C) 2020 ARM Ltd and ARM Germany GmbH. All rights reserved.
License Information: siyuan 1, 1, LIC=W96CK-Z85YK-355TX-HRELH-DLA2R-8ACXY
 
Tool Versions:
Toolchain:       MDK-ARM Professional  Version: 5.30.0.0
Toolchain Path:  C:\Keil_v5\ARM\ARMCC\Bin
C Compiler:      Armcc.exe V5.06 update 6 (build 750)
Assembler:       Armasm.exe V5.06 update 6 (build 750)
Linker/Locator:  ArmLink.exe V5.06 update 6 (build 750)
Library Manager: ArmAr.exe V5.06 update 6 (build 750)
Hex Converter:   FromElf.exe V5.06 update 6 (build 750)
CPU DLL:         SARMCM3.DLL V5.30.0.0
Dialog DLL:      DCM.DLL V1.17.3.0
Target DLL:      Segger\JL2CM3.dll V2.99.38.0
Dialog DLL:      TCM.DLL V1.42.0.0
 
<h2>Project:</h2>
E:\MCU\GD32C103CB\V1.1\Ñ§Ï°Àý×Ó\µÚ2ÕÂ CAN 2.0 ISO-15765\Examples\MDK-ARM\cdc_acm.uvprojx
Project File Date:  09/08/2022

<h2>Output:</h2>
*** Using Compiler 'V5.06 update 6 (build 750)', folder: 'C:\Keil_v5\ARM\ARMCC\Bin'
Build target 'ISO-15765'
compiling gd32c10x_bkp.c...
compiling app.c...
compiling gd32c10x_hw.c...
compiling system_gd32c10x.c...
compiling gd32c10x_adc.c...
compiling gd32c10x_it.c...
compiling gd32c10x_can.c...
compiling gd32c10x_crc.c...
compiling gd32c10x_ctc.c...
compiling gd32c10x_dac.c...
compiling gd32c10x_dbg.c...
compiling gd32c10x_exmc.c...
compiling gd32c10x_exti.c...
compiling gd32c10x_dma.c...
compiling gd32c10x_fmc.c...
compiling gd32c10x_fwdgt.c...
compiling gd32c10x_gpio.c...
compiling gd32c10x_i2c.c...
compiling gd32c10x_misc.c...
compiling gd32c10x_pmu.c...
compiling gd32c10x_rtc.c...
compiling gd32c10x_rcu.c...
compiling gd32c10x_spi.c...
compiling gd32c10x_timer.c...
compiling gd32c10x_wwdgt.c...
compiling gd32c10x_eval.c...
compiling drv_usb_core.c...
compiling gd32c10x_usart.c...
compiling drv_usb_dev.c...
assembling startup_gd32c10x.s...
compiling drv_usbd_int.c...
compiling usbd_core.c...
compiling usbd_enum.c...
compiling usbd_transc.c...
compiling cdc_acm_core.c...
compiling bsp.c...
compiling timer.c...
compiling can.c...
linking...
Program Size: Code=17432 RO-data=1252 RW-data=380 ZI-data=19708  
FromELF: creating hex file...
".\object\cdc_acm.axf" - 0 Error(s), 0 Warning(s).

<h2>Software Packages used:</h2>

Package Vendor: GigaDevice
                http://gd32mcu.com/data/documents/pack/GigaDevice.GD32C10x_DFP.1.0.0.pack
                GigaDevice.GD32C10x_DFP.1.0.0
                GigaDevice GD32C10x Series Device Support and Examples

<h2>Collection of Component include folders:</h2>
  .\RTE\_ISO-15765
  C:\Users\siyuan\AppData\Local\Arm\Packs\GigaDevice\GD32C10x_DFP\1.0.0\Device\Include

<h2>Collection of Component Files used:</h2>
Build Time Elapsed:  00:00:06
</pre>
</body>
</html>
